// Jest Snapshot v1, https://goo.gl/fbAQLP

exports[`creating the snapshot of the compoenent correctly 1`] = `
<div
  className="QuickOptimizationWidget"
>
  <div
    className="Conatiner2sIconsTitle"
  >
    <div
      className="QuickOptimizationWidget_hardwareSetup"
    >
      <div>
        <div
          className="ant-card conatinerCard css-dev-only-do-not-override-1n7nwfa"
          style={
            Object {
              "width": 300,
            }
          }
        >
          <div
            className="ant-card-body"
            style={Object {}}
          >
            <div>
              <div
                className="MuiFormControl-root MuiFormControl-fullWidth css-q8hpuo-MuiFormControl-root"
              >
                <label
                  className="MuiFormLabel-root MuiInputLabel-root MuiInputLabel-formControl MuiInputLabel-animated MuiInputLabel-shrink MuiInputLabel-outlined MuiFormLabel-colorPrimary MuiFormLabel-filled MuiInputLabel-root MuiInputLabel-formControl MuiInputLabel-animated MuiInputLabel-shrink MuiInputLabel-outlined css-1sumxir-MuiFormLabel-root-MuiInputLabel-root"
                  data-shrink={true}
                  id="selectlabelCommon"
                >
                  Select Device*
                </label>
                <div
                  className="MuiInputBase-root MuiOutlinedInput-root MuiInputBase-colorPrimary MuiInputBase-formControl  css-4gwozz-MuiInputBase-root-MuiOutlinedInput-root-MuiSelect-root"
                  onClick={[Function]}
                >
                  <div
                    aria-expanded="false"
                    aria-haspopup="listbox"
                    aria-labelledby="selectlabelCommon demo-simple-select"
                    className="MuiSelect-select MuiSelect-outlined MuiInputBase-input MuiOutlinedInput-input css-11u53oe-MuiSelect-select-MuiInputBase-input-MuiOutlinedInput-input"
                    id="demo-simple-select"
                    onBlur={[Function]}
                    onFocus={[Function]}
                    onKeyDown={[Function]}
                    onMouseDown={[Function]}
                    role="button"
                    tabIndex={0}
                  >
                    Select Your Device
                  </div>
                  <input
                    aria-hidden={true}
                    className="MuiSelect-nativeInput css-yf8vq0-MuiSelect-nativeInput"
                    disabled={false}
                    onAnimationStart={[Function]}
                    onChange={[Function]}
                    required={false}
                    tabIndex={-1}
                    value="Select Your Device"
                  />
                  <svg
                    aria-hidden={true}
                    className="MuiSvgIcon-root MuiSvgIcon-fontSizeMedium MuiSelect-icon MuiSelect-iconOutlined css-hfutr2-MuiSvgIcon-root-MuiSelect-icon"
                    data-testid="ArrowDropDownIcon"
                    focusable="false"
                    viewBox="0 0 24 24"
                  >
                    <path
                      d="M7 10l5 5 5-5z"
                    />
                  </svg>
                  <fieldset
                    aria-hidden={true}
                    className="MuiOutlinedInput-notchedOutline css-1d3z3hw-MuiOutlinedInput-notchedOutline"
                  >
                    <legend
                      className="css-14lo706"
                    >
                      <span>
                        Select Device*
                      </span>
                    </legend>
                  </fieldset>
                </div>
              </div>
            </div>
            <div>
              <div
                className="deatiles"
              >
                <span
                  className="ColorContainer"
                  style={
                    Object {
                      "background": "#40C36C",
                    }
                  }
                />
                <span
                  className="numberText"
                >
                  MCF8316EVM
                </span>
              </div>
              <p
                className="GuiSupport"
              >
                This GUI supports MCF8316EVM
              </p>
              <p
                className="GuiSupport"
                style={
                  Object {
                    "fontSize": "12px",
                    "opacity": "0.8",
                  }
                }
              >
                Correct device detected : MCF8316A
              </p>
            </div>
            <button
              className="ant-btn css-dev-only-do-not-override-1n7nwfa ant-btn-default lightRed btn"
              disabled={false}
              onClick={[Function]}
              style={
                Object {
                  "opacity": "0.5",
                }
              }
              type="button"
            >
              <span>
                Select Device
              </span>
            </button>
          </div>
        </div>
      </div>
      <div
        className="hardwareSetup"
      >
        <div
          className="hardWareTitleAndImage"
        >
          <h1>
            Hardware Setup
          </h1>
          <img
            alt="Assests"
            src="DashboardImageCircut.png"
          />
        </div>
        <div
          className="hardWareDescription"
        >
          <h1>
            Ensure the hardware is configured according to the below steps :
          </h1>
          <div>
            <ol>
              <li>
                J1 selected to POT, J3 selected to 5V_USB, and J5 selected to 3V3COM
              </li>
              <li>
                Potentiometer R4 is rotated clockwise fully
              </li>
              <li>
                S1 pushed right to select BRAKE=RUN, S2 pushed left to select DIR=ABC, and
              </li>
              <li>
                 S3 pushed right to select DRVOFF=ON
              </li>
            </ol>
            <div>
              <p>
                Connect the motor to J8. Supply a voltage compliant with the Power Supply Voltage (VM). Recommended voltage range is 4.5V â€“ 35V. Connect the positive terminal to VBAT (PIN3 of J7) and negative terminal to PGND (PIN2 of J7).Plug in the micro-USB, from the computer that holds the GUI, to the USB Connector J2.
              </p>
            </div>
            <div
              className="actionBtn"
            >
              <label
                className="ant-checkbox-wrapper css-dev-only-do-not-override-1n7nwfa"
              >
                <span
                  className="ant-checkbox css-dev-only-do-not-override-1n7nwfa"
                  style={Object {}}
                >
                  <input
                    checked={false}
                    className="ant-checkbox-input"
                    disabled={false}
                    onBlur={[Function]}
                    onChange={[Function]}
                    onFocus={[Function]}
                    onKeyDown={[Function]}
                    onKeyPress={[Function]}
                    onKeyUp={[Function]}
                    type="checkbox"
                  />
                  <span
                    className="ant-checkbox-inner"
                  />
                </span>
              </label>
              <p>
                Hardware setup has been done manually
              </p>
              <button
                className="ant-btn css-dev-only-do-not-override-1n7nwfa ant-btn-default"
                disabled={false}
                onClick={[Function]}
                type="button"
              >
                <span>
                  Setup Now
                </span>
              </button>
            </div>
          </div>
        </div>
      </div>
    </div>
    <div
      className="cardsConatiner"
      style={
        Object {
          "cursor": "not-allowed",
          "opacity": 0.4,
        }
      }
    >
      <div
        className="cardsConatiner_card"
      >
        <div
          className="cards"
        >
          <div
            className="card_title"
          >
            <h1>
              Quick Spin
            </h1>
          </div>
          <div
            className="cardContainer"
          >
             
            <div>
              <p>
                 
                Get your motor spining in
                 
              </p>
              <p>
                just few steps
              </p>
            </div>
          </div>
          <img
            alt="ok"
            className="nextIcons"
            src="nextIcon.png"
          />
        </div>
      </div>
      <div
        className="cardsConatiner_card"
      >
        <div
          className="cards"
        >
          <div
            className="card_title"
          >
            <h1>
              Optimization
              Wizards
            </h1>
          </div>
          <div
            className="cardContainer"
          >
             
            <div>
              <p>
                 
                Go here after your motor
                 
              </p>
              <p>
                spin consistently
              </p>
            </div>
          </div>
          <img
            alt="ok"
            className="nextIcons"
            src="nextIcon.png"
          />
        </div>
      </div>
      <div
        className="cardsConatiner_card"
      >
        <div
          className="cards"
        >
          <div
            className="card_title"
          >
            <h1>
              Advanced
              Tuning
            </h1>
          </div>
          <div
            className="cardContainer"
          >
             
            <div>
              <p>
                 
                Access all your control
                 
              </p>
              <p>
                in one single page
              </p>
            </div>
          </div>
          <img
            alt="ok"
            className="nextIcons"
            src="nextIcon.png"
          />
        </div>
      </div>
      <div
        className="cardsConatiner_card"
      >
        <div
          className="cards"
        >
          <div
            className="card_title"
          >
            <h1>
              Register Map
            </h1>
          </div>
          <div
            className="cardContainer"
          >
             
            <div>
              <p>
                 
                Full interactive device
                 
              </p>
              <p>
                register map
              </p>
            </div>
          </div>
          <img
            alt="ok"
            className="nextIcons"
            src="nextIcon.png"
          />
        </div>
      </div>
    </div>
  </div>
</div>
`;
